docker : no configuration file provided: not found
At line:6 char:1
+ docker compose up postgres redis 2>&1 | Tee-Object -FilePath test_out ...
+ ~~~~~~~~~~~~~~~~~~~~~~~~~~~~~~~~~~~~~
    + CategoryInfo          : NotSpecified: (no configuratio...ided: not found:String) [], RemoteE 
   xception
    + FullyQualifiedErrorId : NativeCommandError
 
